// Jest Snapshot v1, https://goo.gl/fbAQLP

exports[`InfoList should match with snapshot 1`] = `
<body>
  <div>
    <div
      class="list"
    >
      <table>
        <thead>
          <tr>
            <th>
              Ticker
            </th>
            <th>
              Exchange
            </th>
            <th>
              Price
            </th>
            <th>
              Change
            </th>
            <th>
              Change percent
            </th>
            <th>
              Dividend
            </th>
            <th>
              Yield
            </th>
            <th>
              Graph
            </th>
          </tr>
        </thead>
        <tbody>
          <tr>
            <td>
              ticker
            </td>
            <td>
              exchange
            </td>
            <td
              class="price price--decrease"
            >
              100
            </td>
            <td>
              <div>
                - 
                change
              </div>
            </td>
            <td>
              change_percent
            </td>
            <td>
              dividend
            </td>
            <td>
              yield
            </td>
            <td>
              <div
                data-testid="Graph-test-id"
              />
            </td>
          </tr>
        </tbody>
      </table>
    </div>
  </div>
</body>
`;
